node.exe : FAIL __tests__/coverageLogic.test.js (10.381 s)
En C:\Program Files\nodejs\npx.ps1: 29 Carácter: 3
+   & $NODE_EXE $NPX_CLI_JS $args
+   ~~~~~~~~~~~~~~~~~~~~~~~~~~~~~
    + CategoryInfo          : NotSpecified: (FAIL __tests__/...t.js (10.381 s):String) [], Re 
   moteException
    + FullyQualifiedErrorId : NativeCommandError
 
  Cobertura presencial 17:00-18:00
    ├ù el 4 de junio de 2026 tiene cobertura O42 en oficina (2654 ms)
    ├ù todos los lunes-jueves tienen al menos un O42 presencial (391 ms)
  Registro formal de equidad distributiva
    ├ù no supera 3 intensivas diarias (331 ms)
    ├ù la intensiva solo se asigna entre el 15 de junio y el 18 de septiembre (319 ms)
    ├ù la versi├│n de src/app.jsx tambi├®n respeta ventana y tope de 3 intensivas (302 ms)
    ├ù regresi├│n dura de intensivas para src/app.jsx (310 ms)
    ├ù mejora m├¡nima de reparto para perfiles hist├│ricamente bajos (359 ms)
    ├ù no permite intensiva en d├¡as sueltos: O30 solo en semana operativa completa (360 ms)
    ├ù no mezcla O40 y O42 en la misma semana por integrante (350 ms)
    ├ù cumple validaci├│n estricta de integridad semanal (309 ms)
    ├ù genera registro detallado por integrante con objetivos m├¡nimo e ideal (275 ms)
    ├ù genera auditor├¡a semanal y alertas autom├íticas de desviaci├│n (387 ms)
  Integridad de exportaci├│n
    ├ù valida datos y detecta c├│digos de turno inv├ílidos (251 ms)
    ├ù construye matriz exportable con columnas de f├│rmulas (273 ms)
    ├ù genera dataset de gr├íficos con una fila por integrante (280 ms)

  ÔùÅ Cobertura presencial 17:00-18:00 ÔÇ║ el 4 de junio de 2026 tiene cobertura O42 en 
oficina

    evalmachine.<anonymous>:2637
    ;globalThis.__SCHEDULING__ = { generateSchedule, EMPLOYEES, DEFAULT_VACATION_PLAN_2026, 
buildEquityAudit, EQUITY_MIN_INTENSIVE_WEEKS, EQUITY_IDEAL_INTENSIVE_WEEKS, 
validateExportPayload, buildExportRows, buildChartDataRows, validateStrictWeeklyRules };
                                                                                              
                                                                                              
                    ^

    ReferenceError: buildChartDataRows is not defined

      at evalmachine.<anonymous>:2637:205
      at runInNewContext (__tests__/coverageLogic.test.js:31:6)
      at Object.loadSchedulingCore (__tests__/coverageLogic.test.js:70:73)

  ÔùÅ Cobertura presencial 17:00-18:00 ÔÇ║ todos los lunes-jueves tienen al menos un O42 
presencial

    evalmachine.<anonymous>:2637
    ;globalThis.__SCHEDULING__ = { generateSchedule, EMPLOYEES, DEFAULT_VACATION_PLAN_2026, 
buildEquityAudit, EQUITY_MIN_INTENSIVE_WEEKS, EQUITY_IDEAL_INTENSIVE_WEEKS, 
validateExportPayload, buildExportRows, buildChartDataRows, validateStrictWeeklyRules };
                                                                                              
                                                                                              
                    ^

    ReferenceError: buildChartDataRows is not defined

      at evalmachine.<anonymous>:2637:205
      at runInNewContext (__tests__/coverageLogic.test.js:31:6)
      at Object.loadSchedulingCore (__tests__/coverageLogic.test.js:80:73)

  ÔùÅ Registro formal de equidad distributiva ÔÇ║ no supera 3 intensivas diarias

    evalmachine.<anonymous>:2637
    ;globalThis.__SCHEDULING__ = { generateSchedule, EMPLOYEES, DEFAULT_VACATION_PLAN_2026, 
buildEquityAudit, EQUITY_MIN_INTENSIVE_WEEKS, EQUITY_IDEAL_INTENSIVE_WEEKS, 
validateExportPayload, buildExportRows, buildChartDataRows, validateStrictWeeklyRules };
                                                                                              
                                                                                              
                    ^

    ReferenceError: buildChartDataRows is not defined

      at evalmachine.<anonymous>:2637:205
      at runInNewContext (__tests__/coverageLogic.test.js:31:6)
      at Object.loadSchedulingCore (__tests__/coverageLogic.test.js:94:73)

  ÔùÅ Registro formal de equidad distributiva ÔÇ║ la intensiva solo se asigna entre el 15 de 
junio y el 18 de septiembre

    evalmachine.<anonymous>:2637
    ;globalThis.__SCHEDULING__ = { generateSchedule, EMPLOYEES, DEFAULT_VACATION_PLAN_2026, 
buildEquityAudit, EQUITY_MIN_INTENSIVE_WEEKS, EQUITY_IDEAL_INTENSIVE_WEEKS, 
validateExportPayload, buildExportRows, buildChartDataRows, validateStrictWeeklyRules };
                                                                                              
                                                                                              
                    ^

    ReferenceError: buildChartDataRows is not defined

      at evalmachine.<anonymous>:2637:205
      at runInNewContext (__tests__/coverageLogic.test.js:31:6)
      at Object.loadSchedulingCore (__tests__/coverageLogic.test.js:106:73)

  ÔùÅ Registro formal de equidad distributiva ÔÇ║ la versi├│n de src/app.jsx tambi├®n respeta 
ventana y tope de 3 intensivas

    evalmachine.<anonymous>:2637
    ;globalThis.__SCHEDULING__ = { generateSchedule, EMPLOYEES, DEFAULT_VACATION_PLAN_2026, 
buildEquityAudit, EQUITY_MIN_INTENSIVE_WEEKS, EQUITY_IDEAL_INTENSIVE_WEEKS, 
validateExportPayload, buildExportRows, buildChartDataRows, validateStrictWeeklyRules };
                                                                                              
                                                                                              
                    ^

    ReferenceError: buildChartDataRows is not defined

      at evalmachine.<anonymous>:2637:205
      at runInNewContext (__tests__/coverageLogic.test.js:31:6)
      at Object.loadSchedulingCore (__tests__/coverageLogic.test.js:120:73)

  ÔùÅ Registro formal de equidad distributiva ÔÇ║ regresi├│n dura de intensivas para 
src/app.jsx

    evalmachine.<anonymous>:2637
    ;globalThis.__SCHEDULING__ = { generateSchedule, EMPLOYEES, DEFAULT_VACATION_PLAN_2026, 
buildEquityAudit, EQUITY_MIN_INTENSIVE_WEEKS, EQUITY_IDEAL_INTENSIVE_WEEKS, 
validateExportPayload, buildExportRows, buildChartDataRows, validateStrictWeeklyRules };
                                                                                              
                                                                                              
                    ^

    ReferenceError: buildChartDataRows is not defined

      at evalmachine.<anonymous>:2637:205
      at runInNewContext (__tests__/coverageLogic.test.js:31:6)
      at loadSchedulingCore (__tests__/coverageLogic.test.js:40:71)
      at Object.assertHardRegressionForIntensivas (__tests__/coverageLogic.test.js:132:5)

  ÔùÅ Registro formal de equidad distributiva ÔÇ║ mejora m├¡nima de reparto para perfiles 
hist├│ricamente bajos

    evalmachine.<anonymous>:2637
    ;globalThis.__SCHEDULING__ = { generateSchedule, EMPLOYEES, DEFAULT_VACATION_PLAN_2026, 
buildEquityAudit, EQUITY_MIN_INTENSIVE_WEEKS, EQUITY_IDEAL_INTENSIVE_WEEKS, 
validateExportPayload, buildExportRows, buildChartDataRows, validateStrictWeeklyRules };
                                                                                              
                                                                                              
                    ^

    ReferenceError: buildChartDataRows is not defined

      at evalmachine.<anonymous>:2637:205
      at runInNewContext (__tests__/coverageLogic.test.js:31:6)
      at Object.loadSchedulingCore (__tests__/coverageLogic.test.js:136:73)

  ÔùÅ Registro formal de equidad distributiva ÔÇ║ no permite intensiva en d├¡as sueltos: O30 
solo en semana operativa completa

    evalmachine.<anonymous>:2637
    ;globalThis.__SCHEDULING__ = { generateSchedule, EMPLOYEES, DEFAULT_VACATION_PLAN_2026, 
buildEquityAudit, EQUITY_MIN_INTENSIVE_WEEKS, EQUITY_IDEAL_INTENSIVE_WEEKS, 
validateExportPayload, buildExportRows, buildChartDataRows, validateStrictWeeklyRules };
                                                                                              
                                                                                              
                    ^

    ReferenceError: buildChartDataRows is not defined

      at evalmachine.<anonymous>:2637:205
      at runInNewContext (__tests__/coverageLogic.test.js:31:6)
      at Object.loadSchedulingCore (__tests__/coverageLogic.test.js:157:73)

  ÔùÅ Registro formal de equidad distributiva ÔÇ║ no mezcla O40 y O42 en la misma semana por 
integrante

    evalmachine.<anonymous>:2637
    ;globalThis.__SCHEDULING__ = { generateSchedule, EMPLOYEES, DEFAULT_VACATION_PLAN_2026, 
buildEquityAudit, EQUITY_MIN_INTENSIVE_WEEKS, EQUITY_IDEAL_INTENSIVE_WEEKS, 
validateExportPayload, buildExportRows, buildChartDataRows, validateStrictWeeklyRules };
                                                                                              
                                                                                              
                    ^

    ReferenceError: buildChartDataRows is not defined

      at evalmachine.<anonymous>:2637:205
      at runInNewContext (__tests__/coverageLogic.test.js:31:6)
      at Object.loadSchedulingCore (__tests__/coverageLogic.test.js:180:73)

  ÔùÅ Registro formal de equidad distributiva ÔÇ║ cumple validaci├│n estricta de integridad 
semanal

    evalmachine.<anonymous>:2637
    ;globalThis.__SCHEDULING__ = { generateSchedule, EMPLOYEES, DEFAULT_VACATION_PLAN_2026, 
buildEquityAudit, EQUITY_MIN_INTENSIVE_WEEKS, EQUITY_IDEAL_INTENSIVE_WEEKS, 
validateExportPayload, buildExportRows, buildChartDataRows, validateStrictWeeklyRules };
                                                                                              
                                                                                              
                    ^

    ReferenceError: buildChartDataRows is not defined

      at evalmachine.<anonymous>:2637:205
      at runInNewContext (__tests__/coverageLogic.test.js:31:6)
      at Object.loadSchedulingCore (__tests__/coverageLogic.test.js:203:9)

  ÔùÅ Registro formal de equidad distributiva ÔÇ║ genera registro detallado por integrante 
con objetivos m├¡nimo e ideal

    evalmachine.<anonymous>:2637
    ;globalThis.__SCHEDULING__ = { generateSchedule, EMPLOYEES, DEFAULT_VACATION_PLAN_2026, 
buildEquityAudit, EQUITY_MIN_INTENSIVE_WEEKS, EQUITY_IDEAL_INTENSIVE_WEEKS, 
validateExportPayload, buildExportRows, buildChartDataRows, validateStrictWeeklyRules };
                                                                                              
                                                                                              
                    ^

    ReferenceError: buildChartDataRows is not defined

      at evalmachine.<anonymous>:2637:205
      at runInNewContext (__tests__/coverageLogic.test.js:31:6)
      at Object.loadSchedulingCore (__tests__/coverageLogic.test.js:222:9)

  ÔùÅ Registro formal de equidad distributiva ÔÇ║ genera auditor├¡a semanal y alertas 
autom├íticas de desviaci├│n

    evalmachine.<anonymous>:2637
    ;globalThis.__SCHEDULING__ = { generateSchedule, EMPLOYEES, DEFAULT_VACATION_PLAN_2026, 
buildEquityAudit, EQUITY_MIN_INTENSIVE_WEEKS, EQUITY_IDEAL_INTENSIVE_WEEKS, 
validateExportPayload, buildExportRows, buildChartDataRows, validateStrictWeeklyRules };
                                                                                              
                                                                                              
                    ^

    ReferenceError: buildChartDataRows is not defined

      at evalmachine.<anonymous>:2637:205
      at runInNewContext (__tests__/coverageLogic.test.js:31:6)
      at Object.loadSchedulingCore (__tests__/coverageLogic.test.js:241:91)

  ÔùÅ Integridad de exportaci├│n ÔÇ║ valida datos y detecta c├│digos de turno inv├ílidos

    evalmachine.<anonymous>:2637
    ;globalThis.__SCHEDULING__ = { generateSchedule, EMPLOYEES, DEFAULT_VACATION_PLAN_2026, 
buildEquityAudit, EQUITY_MIN_INTENSIVE_WEEKS, EQUITY_IDEAL_INTENSIVE_WEEKS, 
validateExportPayload, buildExportRows, buildChartDataRows, validateStrictWeeklyRules };
                                                                                              
                                                                                              
                    ^

    ReferenceError: buildChartDataRows is not defined

      at evalmachine.<anonymous>:2637:205
      at runInNewContext (__tests__/coverageLogic.test.js:31:6)
      at Object.loadSchedulingCore (__tests__/coverageLogic.test.js:272:9)

  ÔùÅ Integridad de exportaci├│n ÔÇ║ construye matriz exportable con columnas de f├│rmulas

    evalmachine.<anonymous>:2637
    ;globalThis.__SCHEDULING__ = { generateSchedule, EMPLOYEES, DEFAULT_VACATION_PLAN_2026, 
buildEquityAudit, EQUITY_MIN_INTENSIVE_WEEKS, EQUITY_IDEAL_INTENSIVE_WEEKS, 
validateExportPayload, buildExportRows, buildChartDataRows, validateStrictWeeklyRules };
                                                                                              
                                                                                              
                    ^

    ReferenceError: buildChartDataRows is not defined

      at evalmachine.<anonymous>:2637:205
      at runInNewContext (__tests__/coverageLogic.test.js:31:6)
      at Object.loadSchedulingCore (__tests__/coverageLogic.test.js:294:90)

  ÔùÅ Integridad de exportaci├│n ÔÇ║ genera dataset de gr├íficos con una fila por integrante

    evalmachine.<anonymous>:2637
    ;globalThis.__SCHEDULING__ = { generateSchedule, EMPLOYEES, DEFAULT_VACATION_PLAN_2026, 
buildEquityAudit, EQUITY_MIN_INTENSIVE_WEEKS, EQUITY_IDEAL_INTENSIVE_WEEKS, 
validateExportPayload, buildExportRows, buildChartDataRows, validateStrictWeeklyRules };
                                                                                              
                                                                                              
                    ^

    ReferenceError: buildChartDataRows is not defined

      at evalmachine.<anonymous>:2637:205
      at runInNewContext (__tests__/coverageLogic.test.js:31:6)
      at Object.loadSchedulingCore (__tests__/coverageLogic.test.js:309:47)

Test Suites: 1 failed, 1 total
Tests:       15 failed, 15 total
Snapshots:   0 total
Time:        14.868 s
Ran all test suites matching __tests__/coverageLogic.test.js.
